[domi@elitebook ~]$ sudo nmap -O 10.71.1.110
[sudo] password for domi: 
^Csudo: a password is required
[domi@elitebook ~]$ ssh 192.168.100.100
Welcome to Ubuntu 20.04.4 LTS (GNU/Linux 5.4.0-107-generic x86_64)

 * Documentation:  https://help.ubuntu.com
 * Management:     https://landscape.canonical.com
 * Support:        https://ubuntu.com/advantage

  System information as of Thu 21 Apr 2022 06:36:11 AM UTC

  System load:  0.0               Processes:               157
  Usage of /:   39.4% of 9.78GB   Users logged in:         0
  Memory usage: 14%               IPv4 address for enp1s0: 192.168.100.100
  Swap usage:   0%

 * Super-optimized for small spaces - read how we shrank the memory
   footprint of MicroK8s to make it the smallest full K8s around.

   https://ubuntu.com/blog/microk8s-memory-optimisation

0 updates can be applied immediately.


The list of available updates is more than a week old.
To check for new updates run: sudo apt update

Last login: Wed Apr 20 19:04:30 2022 from 192.168.100.1
[domi@datenbank ~]$ wget -qO - https://www.mongodb.org/static/pgp/server-5.0.asc | sudo apt-key add -
[sudo] password for domi: 
OK
[domi@datenbank ~]$ sudo apt-get install gnupg
Reading package lists... Done
Building dependency tree       
Reading state information... Done
gnupg is already the newest version (2.2.19-3ubuntu2.1).
gnupg set to manually installed.

0 upgraded, 0 newly installed, 0 to remove and 0 not upgraded.
[domi@datenbank ~]$ 
[domi@datenbank ~]$ wget -qO - https://www.mongodb.org/static/pgp/server-5.0.asc | sudo apt-key add -

OK
[domi@datenbank ~]$ 
[domi@datenbank ~]$ sudo apt update
Hit:1 http://ch.archive.ubuntu.com/ubuntu focal InRelease
Get:2 http://ch.archive.ubuntu.com/ubuntu focal-updates InRelease [114 kB]
Get:3 http://ch.archive.ubuntu.com/ubuntu focal-backports InRelease [108 kB]          
Get:4 http://ch.archive.ubuntu.com/ubuntu focal-security InRelease [114 kB]           
Hit:5 https://deb.nodesource.com/node_14.x focal InRelease                            
Get:6 http://ch.archive.ubuntu.com/ubuntu focal-updates/main amd64 Packages [1,744 kB]
Get:7 http://ch.archive.ubuntu.com/ubuntu focal-updates/main Translation-en [324 kB]
Get:8 http://ch.archive.ubuntu.com/ubuntu focal-updates/main amd64 c-n-f Metadata [14.9 kB]
Get:9 http://ch.archive.ubuntu.com/ubuntu focal-updates/restricted amd64 Packages [946 kB]
Get:10 http://ch.archive.ubuntu.com/ubuntu focal-updates/restricted Translation-en [135 kB]
Get:11 http://ch.archive.ubuntu.com/ubuntu focal-updates/restricted amd64 c-n-f Metadata [528 B]
Get:12 http://ch.archive.ubuntu.com/ubuntu focal-updates/universe amd64 Packages [918 kB]
Get:13 http://ch.archive.ubuntu.com/ubuntu focal-updates/universe Translation-en [205 kB]
Get:14 http://ch.archive.ubuntu.com/ubuntu focal-updates/universe amd64 c-n-f Metadata [20.6 kB]
Get:15 http://ch.archive.ubuntu.com/ubuntu focal-backports/universe amd64 Packages [22.7 kB]
Get:16 http://ch.archive.ubuntu.com/ubuntu focal-backports/universe amd64 c-n-f Metadata [804 B]
Get:17 http://ch.archive.ubuntu.com/ubuntu focal-security/main amd64 Packages [1,417 kB]
Get:18 http://ch.archive.ubuntu.com/ubuntu focal-security/main Translation-en [245 kB]
Get:19 http://ch.archive.ubuntu.com/ubuntu focal-security/main amd64 c-n-f Metadata [10.0 kB]
Get:20 http://ch.archive.ubuntu.com/ubuntu focal-security/restricted amd64 Packages [886 kB]
Get:21 http://ch.archive.ubuntu.com/ubuntu focal-security/restricted Translation-en [126 kB]
Get:22 http://ch.archive.ubuntu.com/ubuntu focal-security/restricted amd64 c-n-f Metadata [532 B]
Get:23 http://ch.archive.ubuntu.com/ubuntu focal-security/universe amd64 Packages [700 kB]
Get:24 http://ch.archive.ubuntu.com/ubuntu focal-security/universe Translation-en [124 kB]
Get:25 http://ch.archive.ubuntu.com/ubuntu focal-security/universe amd64 c-n-f Metadata [14.3 kB]
Fetched 8,191 kB in 2s (3,478 kB/s)                                
Reading package lists... Done
Building dependency tree       
Reading state information... Done
36 packages can be upgraded. Run 'apt list --upgradable' to see them.
[domi@datenbank ~]$ sudo apt-get install -y mongodb-org
Reading package lists... Done
Building dependency tree       
Reading state information... Done
E: Unable to locate package mongodb-org
[domi@datenbank ~]$ sudoedit /etc/apt/sources.list.d/mongodb-org-5.0.list
[domi@datenbank ~]$ sudo apt-get update
E: Type 'echo' is not known on line 1 in source list /etc/apt/sources.list.d/mongodb-org-5.0.list
E: The list of sources could not be read.
[domi@datenbank ~]$ 
[domi@datenbank ~]$ sudo apt-get update
E: Type 'echo' is not known on line 1 in source list /etc/apt/sources.list.d/mongodb-org-5.0.list
E: The list of sources could not be read.
[domi@datenbank ~]$ sudo rm /etc/apt/sources.list.d/mongodb-org-5.0.list
[domi@datenbank ~]$ echo "deb [ arch=amd64,arm64 ] https://repo.mongodb.org/apt/ubuntu focal/mongodb-org/5.0 multiverse" | sudo tee /etc/apt/sources.list.d/mongodb-org-5.0.list
deb [ arch=amd64,arm64 ] https://repo.mongodb.org/apt/ubuntu focal/mongodb-org/5.0 multiverse
[domi@datenbank ~]$ sudo apt-get update
Hit:1 http://ch.archive.ubuntu.com/ubuntu focal InRelease
Hit:2 http://ch.archive.ubuntu.com/ubuntu focal-updates InRelease                                  
Hit:3 http://ch.archive.ubuntu.com/ubuntu focal-backports InRelease                                
Hit:4 http://ch.archive.ubuntu.com/ubuntu focal-security InRelease                                                   
Ign:5 https://repo.mongodb.org/apt/ubuntu focal/mongodb-org/5.0 InRelease                                            
Hit:6 https://deb.nodesource.com/node_14.x focal InRelease                                         
Get:7 https://repo.mongodb.org/apt/ubuntu focal/mongodb-org/5.0 Release [4,412 B]
Get:8 https://repo.mongodb.org/apt/ubuntu focal/mongodb-org/5.0 Release.gpg [801 B]
Get:9 https://repo.mongodb.org/apt/ubuntu focal/mongodb-org/5.0/multiverse arm64 Packages [12.5 kB]
Get:10 https://repo.mongodb.org/apt/ubuntu focal/mongodb-org/5.0/multiverse amd64 Packages [14.3 kB]
Fetched 32.0 kB in 1s (36.4 kB/s)                         
Reading package lists... Done
[domi@datenbank ~]$ sudo apt-get install -y mongodb-org
Reading package lists... Done
Building dependency tree       
Reading state information... Done
The following additional packages will be installed:
  mongodb-database-tools mongodb-mongosh mongodb-org-database mongodb-org-database-tools-extra mongodb-org-mongos
  mongodb-org-server mongodb-org-shell mongodb-org-tools
The following NEW packages will be installed:
  mongodb-database-tools mongodb-mongosh mongodb-org mongodb-org-database mongodb-org-database-tools-extra
  mongodb-org-mongos mongodb-org-server mongodb-org-shell mongodb-org-tools
0 upgraded, 9 newly installed, 0 to remove and 36 not upgraded.
Need to get 147 MB of archives.
After this operation, 464 MB of additional disk space will be used.
Get:1 https://repo.mongodb.org/apt/ubuntu focal/mongodb-org/5.0/multiverse amd64 mongodb-database-tools amd64 100.5.2 [46.5 MB]
Get:2 https://repo.mongodb.org/apt/ubuntu focal/mongodb-org/5.0/multiverse amd64 mongodb-mongosh amd64 1.3.1 [40.8 MB]
Get:3 https://repo.mongodb.org/apt/ubuntu focal/mongodb-org/5.0/multiverse amd64 mongodb-org-shell amd64 5.0.7 [14.4 MB]
Get:4 https://repo.mongodb.org/apt/ubuntu focal/mongodb-org/5.0/multiverse amd64 mongodb-org-server amd64 5.0.7 [26.3 MB]
Get:5 https://repo.mongodb.org/apt/ubuntu focal/mongodb-org/5.0/multiverse amd64 mongodb-org-mongos amd64 5.0.7 [18.5 MB]
Get:6 https://repo.mongodb.org/apt/ubuntu focal/mongodb-org/5.0/multiverse amd64 mongodb-org-database-tools-extra amd64 5.0.7 [7,752 B]
Get:7 https://repo.mongodb.org/apt/ubuntu focal/mongodb-org/5.0/multiverse amd64 mongodb-org-database amd64 5.0.7 [3,540 B]
Get:8 https://repo.mongodb.org/apt/ubuntu focal/mongodb-org/5.0/multiverse amd64 mongodb-org-tools amd64 5.0.7 [2,892 B]
Get:9 https://repo.mongodb.org/apt/ubuntu focal/mongodb-org/5.0/multiverse amd64 mongodb-org amd64 5.0.7 [2,932 B]   
Fetched 147 MB in 19s (7,915 kB/s)                                                                                   
Selecting previously unselected package mongodb-database-tools.
(Reading database ... 116000 files and directories currently installed.)
Preparing to unpack .../0-mongodb-database-tools_100.5.2_amd64.deb ...
Unpacking mongodb-database-tools (100.5.2) ...
Selecting previously unselected package mongodb-mongosh.
Preparing to unpack .../1-mongodb-mongosh_1.3.1_amd64.deb ...
Unpacking mongodb-mongosh (1.3.1) ...
Selecting previously unselected package mongodb-org-shell.
Preparing to unpack .../2-mongodb-org-shell_5.0.7_amd64.deb ...
Unpacking mongodb-org-shell (5.0.7) ...
Selecting previously unselected package mongodb-org-server.
Preparing to unpack .../3-mongodb-org-server_5.0.7_amd64.deb ...
Unpacking mongodb-org-server (5.0.7) ...
Selecting previously unselected package mongodb-org-mongos.
Preparing to unpack .../4-mongodb-org-mongos_5.0.7_amd64.deb ...
Unpacking mongodb-org-mongos (5.0.7) ...
Selecting previously unselected package mongodb-org-database-tools-extra.
Preparing to unpack .../5-mongodb-org-database-tools-extra_5.0.7_amd64.deb ...
Unpacking mongodb-org-database-tools-extra (5.0.7) ...
Selecting previously unselected package mongodb-org-database.
Preparing to unpack .../6-mongodb-org-database_5.0.7_amd64.deb ...
Unpacking mongodb-org-database (5.0.7) ...
Selecting previously unselected package mongodb-org-tools.
Preparing to unpack .../7-mongodb-org-tools_5.0.7_amd64.deb ...
Unpacking mongodb-org-tools (5.0.7) ...
Selecting previously unselected package mongodb-org.
Preparing to unpack .../8-mongodb-org_5.0.7_amd64.deb ...
Unpacking mongodb-org (5.0.7) ...
Setting up mongodb-mongosh (1.3.1) ...
Setting up mongodb-org-server (5.0.7) ...
Adding system user `mongodb' (UID 114) ...
Adding new user `mongodb' (UID 114) with group `nogroup' ...
Not creating home directory `/home/mongodb'.
Adding group `mongodb' (GID 118) ...
Done.
Adding user `mongodb' to group `mongodb' ...
Adding user mongodb to group mongodb
Done.
Setting up mongodb-org-shell (5.0.7) ...
Setting up mongodb-database-tools (100.5.2) ...
Setting up mongodb-org-mongos (5.0.7) ...
Setting up mongodb-org-database-tools-extra (5.0.7) ...
Setting up mongodb-org-database (5.0.7) ...
Setting up mongodb-org-tools (5.0.7) ...
Setting up mongodb-org (5.0.7) ...
Processing triggers for man-db (2.9.1-1) ...
[domi@datenbank ~]$ sudoedit /etc/systemd/system/m
mdmonitor.service.wants/ multipath-tools.service  multi-user.target.wants/ 
[domi@datenbank ~]$ sudoedit /etc/systemd/system/mongodb
sudoedit: /etc/systemd/system/mongodb unchanged
[domi@datenbank ~]$ ls /etc/systemd/system
cloud-final.service.wants                   mdmonitor.service.wants                 snapd.seeded.service
cloud-init.target.wants                     multipath-tools.service                 snapd.service
dbus-org.freedesktop.ModemManager1.service  multi-user.target.wants                 snapd.snap-repair.timer
dbus-org.freedesktop.resolve1.service       network-online.target.wants             snapd.socket
dbus-org.freedesktop.thermald.service       open-vm-tools.service.requires          snapd.system-shutdown.service
dbus-org.freedesktop.timesync1.service      paths.target.wants                      sockets.target.wants
default.target.wants                        rescue.target.wants                     sshd-keygen@.service.d
emergency.target.wants                      sleep.target.wants                      sshd.service
final.target.wants                          snapd.apparmor.service                  sysinit.target.wants
getty.target.wants                          snapd.autoimport.service                syslog.service
graphical.target.wants                      snapd.core-fixup.service                timers.target.wants
iscsi.service                               snapd.recovery-chooser-trigger.service  vmtoolsd.service
[domi@datenbank ~]$ systemctl status mongod
● mongod.service - MongoDB Database Server
     Loaded: loaded (/lib/systemd/system/mongod.service; disabled; vendor preset: enabled)
     Active: inactive (dead)
       Docs: https://docs.mongodb.org/manual
[domi@datenbank ~]$ sudoedit lib/systemd/system/mongod.service
sudoedit: lib/systemd/system/mongod.service: No such file or directory
[domi@datenbank ~]$ sudoedit /lib/systemd/system/mongod.service
sudoedit: /lib/systemd/system/mongod.service unchanged
[domi@datenbank ~]$ sudo systemctl start mongod
[domi@datenbank ~]$ systemctl status mongod
● mongod.service - MongoDB Database Server
     Loaded: loaded (/lib/systemd/system/mongod.service; disabled; vendor preset: enabled)
     Active: active (running) since Thu 2022-04-21 06:46:20 UTC; 3s ago
       Docs: https://docs.mongodb.org/manual
   Main PID: 2677 (mongod)
     Memory: 65.4M
     CGroup: /system.slice/mongod.service
             └─2677 /usr/bin/mongod --config /etc/mongod.conf

Apr 21 06:46:20 datenbank systemd[1]: Started MongoDB Database Server.
[domi@datenbank ~]$ sudo systemctl enable mongod
Created symlink /etc/systemd/system/multi-user.target.wants/mongod.service → /lib/systemd/system/mongod.service.
[domi@datenbank ~]$ 
[domi@datenbank ~]$ mongo --shel
Error parsing command line: unrecognised option '--shel'
try 'mongo --help' for more information
[domi@datenbank ~]$ mongo --shell
MongoDB shell version v5.0.7
connecting to: mongodb://127.0.0.1:27017/?compressors=disabled&gssapiServiceName=mongodb
Implicit session: session { "id" : UUID("36c09630-a97a-4a90-b001-5ec9532f4c69") }
MongoDB server version: 5.0.7
type "help" for help
================
Warning: the "mongo" shell has been superseded by "mongosh",
which delivers improved usability and compatibility.The "mongo" shell has been deprecated and will be removed in
an upcoming release.
For installation instructions, see
https://docs.mongodb.com/mongodb-shell/install/
================
Welcome to the MongoDB shell.
For interactive help, type "help".
For more comprehensive documentation, see
	https://docs.mongodb.com/
Questions? Try the MongoDB Developer Community Forums
	https://community.mongodb.com
---
The server generated these startup warnings when booting: 
        2022-04-21T06:46:20.362+00:00: Using the XFS filesystem is strongly recommended with the WiredTiger storage engine. See http://dochub.mongodb.org/core/prodnotes-filesystem
        2022-04-21T06:46:21.400+00:00: Access control is not enabled for the database. Read and write access to data and configuration is unrestricted
---
---
        Enable MongoDB's free cloud-based monitoring service, which will then receive and display
        metrics about your deployment (disk utilization, CPU, operation statistics, etc).

        The monitoring data will be available on a MongoDB website with a unique URL accessible to you
        and anyone you share the URL with. MongoDB may use this information to make product
        improvements and to suggest MongoDB products and deployment options to you.

        To enable free monitoring, run the following command: db.enableFreeMonitoring()
        To permanently disable this reminder, run the following command: db.disableFreeMonitoring()
---
> exit
bye
[domi@datenbank ~]$ mongo --shell
MongoDB shell version v5.0.7
connecting to: mongodb://127.0.0.1:27017/?compressors=disabled&gssapiServiceName=mongodb
Implicit session: session { "id" : UUID("68267336-3b6e-470c-ad14-5dc74cbd78a4") }
MongoDB server version: 5.0.7
type "help" for help
================
Warning: the "mongo" shell has been superseded by "mongosh",
which delivers improved usability and compatibility.The "mongo" shell has been deprecated and will be removed in
an upcoming release.
For installation instructions, see
https://docs.mongodb.com/mongodb-shell/install/
================
---
The server generated these startup warnings when booting: 
        2022-04-21T06:46:20.362+00:00: Using the XFS filesystem is strongly recommended with the WiredTiger storage engine. See http://dochub.mongodb.org/core/prodnotes-filesystem
        2022-04-21T06:46:21.400+00:00: Access control is not enabled for the database. Read and write access to data and configuration is unrestricted
---
---
        Enable MongoDB's free cloud-based monitoring service, which will then receive and display
        metrics about your deployment (disk utilization, CPU, operation statistics, etc).

        The monitoring data will be available on a MongoDB website with a unique URL accessible to you
        and anyone you share the URL with. MongoDB may use this information to make product
        improvements and to suggest MongoDB products and deployment options to you.

        To enable free monitoring, run the following command: db.enableFreeMonitoring()
        To permanently disable this reminder, run the following command: db.disableFreeMonitoring()
---
> use meinedatenbank
switched to db meinedatenbank
> db.createCollection ("meinecollection", { capped: true,
...         size: 6142800,
...         max: 10000 } )
{ "ok" : 1 }
> >db.meinecollection.insertOne(
... {
...     Name: "Name",
...     Alter: 28,
...     Geschlecht: "männlich"
... }
... )
uncaught exception: SyntaxError: expected expression, got '>' :
@(shell):1:0
> db.meinecollection.insertOne(
... {
...     Name: "Name",
...     Alter: 28,
...     Geschlecht: "männlich"
... }
... )
{
	"acknowledged" : true,
	"insertedId" : ObjectId("6260fe412bf2dc007bcb66b6")
}
> db.meinecollection.find( { Name: "Name", Alter: 28 } )
{ "_id" : ObjectId("6260fe412bf2dc007bcb66b6"), "Name" : "Name", "Alter" : 28, "Geschlecht" : "männlich" }
> db.meinecollection.update(
... 
... { Alter: 28 },
... 
... {
... 
... $set: { Alter: 30 }
... 
... }
... 
... )
WriteResult({ "nMatched" : 1, "nUpserted" : 0, "nModified" : 1 })
> db.meinecollection.find( { Name: "Name", Alter: 28 } )
> db.meinecollection.find( { Name: "Name", Alter: 30 } )
{ "_id" : ObjectId("6260fe412bf2dc007bcb66b6"), "Name" : "Name", "Alter" : 30, "Geschlecht" : "männlich" }
> db.meinecollection.remove ()
uncaught exception: Error: remove needs a query :
DBCollection.prototype._parseRemove@src/mongo/shell/collection.js:364:15
DBCollection.prototype.remove@src/mongo/shell/collection.js:394:18
@(shell):1:1
> db.meinecollection.remove ( { Alter: 28 } )
WriteResult({ "nRemoved" : 0 })
> db.meinecollection.remove ( { Alter: 30 } )
WriteResult({
	"nRemoved" : 0,
	"writeError" : {
		"code" : 136,
		"errmsg" : "CollectionScan died due to position in capped collection being deleted. Last seen record id: RecordId(1)"
	}
})
> db.meinecollection.find( { Name: "Name", Alter: 30 } )
> db.meinecollection.find( { Name: "Name", Alter: 28 } )
> exit
bye
[domi@datenbank ~]$ mongo --shell
MongoDB shell version v5.0.7
connecting to: mongodb://127.0.0.1:27017/?compressors=disabled&gssapiServiceName=mongodb
Implicit session: session { "id" : UUID("bab96145-28cc-4e91-8584-3672ae3a1ab4") }
MongoDB server version: 5.0.7
type "help" for help
================
Warning: the "mongo" shell has been superseded by "mongosh",
which delivers improved usability and compatibility.The "mongo" shell has been deprecated and will be removed in
an upcoming release.
For installation instructions, see
https://docs.mongodb.com/mongodb-shell/install/
================
---
The server generated these startup warnings when booting: 
        2022-04-21T06:46:20.362+00:00: Using the XFS filesystem is strongly recommended with the WiredTiger storage engine. See http://dochub.mongodb.org/core/prodnotes-filesystem
        2022-04-21T06:46:21.400+00:00: Access control is not enabled for the database. Read and write access to data and configuration is unrestricted
---
---
        Enable MongoDB's free cloud-based monitoring service, which will then receive and display
        metrics about your deployment (disk utilization, CPU, operation statistics, etc).

        The monitoring data will be available on a MongoDB website with a unique URL accessible to you
        and anyone you share the URL with. MongoDB may use this information to make product
        improvements and to suggest MongoDB products and deployment options to you.

        To enable free monitoring, run the following command: db.enableFreeMonitoring()
        To permanently disable this reminder, run the following command: db.disableFreeMonitoring()
---
> db.meinecollection.insertOne( {     Name: "Name",     Alter: 28,     Geschlecht: "männlich" } )
{
	"acknowledged" : true,
	"insertedId" : ObjectId("6260ff2d5cae26ec114ecbef")
}
> db.meinecollection.find( { Name: "Name", Alter: 30 } )
> db.meinecollection.remove ( { Alter: 28 } )
WriteResult({ "nRemoved" : 1 })
> db.meinecollection.find( { Name: "Name", Alter: 30 } )
> db.meinecollection.insertOne( {     Name: "Name",     Alter: 28,     Geschlecht: "männlich" } )
{
	"acknowledged" : true,
	"insertedId" : ObjectId("6260ff4c5cae26ec114ecbf0")
}
> db.meinecollection.remove ( { Alter: 30 } )
WriteResult({ "nRemoved" : 0 })
> db.meinecollection.remove ( )
uncaught exception: Error: remove needs a query :
DBCollection.prototype._parseRemove@src/mongo/shell/collection.js:364:15
DBCollection.prototype.remove@src/mongo/shell/collection.js:394:18
@(shell):1:1
> db.meinecollection.find( { Name: "Name", Alter: 30 } )
> db.meinecollection.find( { Name: "Name", Alter: 28 } )
{ "_id" : ObjectId("6260ff4c5cae26ec114ecbf0"), "Name" : "Name", "Alter" : 28, "Geschlecht" : "männlich" }
> db.meinecollection.remove ( { Alter: 28 } )
WriteResult({ "nRemoved" : 1 })
> db.meinecollection.find( { Name: "Name", Alter: 28 } )
> exit
bye
[domi@datenbank ~]$ 

